// Jest Snapshot v1, https://goo.gl/fbAQLP

exports[`testing calculator Testing component with snapshot 1`] = `[Function]`;
