// Jest Snapshot v1, https://goo.gl/fbAQLP

exports[`Home component testing with snapshot 1`] = `[Function]`;
