// Jest Snapshot v1, https://goo.gl/fbAQLP

exports[`testing the navbar 1`] = `[Function]`;
